// Jest Snapshot v1, https://goo.gl/fbAQLP

exports[`expec to render Card component 1`] = `ShallowWrapper {}`;
